
> flortek@0.0.0 build
> vite build

[36mvite v7.3.0 [32mbuilding client environment for production...[36m[39m
transforming...
[32mΓ£ô[39m 3 modules transformed.
node.exe : 
[31mΓ£ù[39m Build 
failed in 389ms
At line:1 char:1
+ & "C:\Program Files
\nodejs/node.exe" "C:
\Users\hp\AppData\Roa
ming\npm ...
+ ~~~~~~~~~~~~~~~~~~~
~~~~~~~~~~~~~~~~~~~~~
~~~~~~~~~~~~~~~~~~~~~
~~~~~~~~
    + CategoryInfo   
           : NotSpe  
  cified: ([31mΓ£   
 ù[39m Build fai    
led in 389ms:Str    
ing) [], RemoteE    
xception
    + FullyQualified 
   ErrorId : Native  
  CommandError
 
[31merror during 
build:
[31m[vite:css] 
[postcss] It looks 
like you're trying 
to use `tailwindcss` 
directly as a 
PostCSS plugin. The 
PostCSS plugin has 
moved to a separate 
package, so to 
continue using 
Tailwind CSS with 
PostCSS you'll need 
to install `@tailwind
css/postcss` and 
update your PostCSS 
configuration.[31m
file: [36mC:/Users/h
p/Desktop/flortek/src
/index.css:undefined:
NaN[31m
    at lt (C:\Users\h
p\Desktop\flortek\nod
e_modules\tailwindcss
\dist\lib.js:38:1643)
    at 
LazyResult.runOnRoot 
(C:\Users\hp\Desktop\
flortek\node_modules\
postcss\lib\lazy-resu
lt.js:361:16)
    at 
LazyResult.runAsync (
C:\Users\hp\Desktop\f
lortek\node_modules\p
ostcss\lib\lazy-resul
t.js:290:26)
    at async 
runPostCSS (file:///C
:/Users/hp/Desktop/fl
ortek/node_modules/vi
te/dist/node/chunks/c
onfig.js:30144:19)
    at async 
compilePostCSS (file:
///C:/Users/hp/Deskto
p/flortek/node_module
s/vite/dist/node/chun
ks/config.js:30128:6)
    at async 
compileCSS (file:///C
:/Users/hp/Desktop/fl
ortek/node_modules/vi
te/dist/node/chunks/c
onfig.js:30058:26)
    at async 
Object.handler (file:
///C:/Users/hp/Deskto
p/flortek/node_module
s/vite/dist/node/chun
ks/config.js:29591:54
)
    at async 
transform (file:///C:
/Users/hp/Desktop/flo
rtek/node_modules/rol
lup/dist/es/shared/no
de-entry.js:21234:16)
    at async ModuleLo
ader.addModuleSource 
(file:///C:/Users/hp/
Desktop/flortek/node_
modules/rollup/dist/e
s/shared/node-entry.j
s:21448:36)[39m
